bwrap --as-pid-1 --die-with-parent --bind rootfs / --unshare-cgroup --unshare-pid --unshare-net --unshare-ipc --unshare-uts --chdir / --setenv PATH /usr/local/sbin:/usr/local/bin:/usr/sbin:/usr/bin:/sbin:/bin --setenv TERM xterm --proc /proc --dev /dev --bind /dev/pts /dev/pts --tmpfs /dev/shm --mqueue /dev/mqueue --ro-bind /sys /sys --ro-bind /sys/fs/cgroup /sys/fs/cgroup --tmpfs /tmp --dev-bind /dev/tty /dev/tty --hostname runc --block-fd FD --sync-fd FD --info-fd FD --bind /dev/null /proc/kcore --bind /dev/null /proc/latency_stats --bind /dev/null /proc/timer_stats --bind /dev/null /proc/sched_debug --ro-bind /proc/asound /proc/asound --ro-bind /proc/bus /proc/bus --ro-bind /proc/fs /proc/fs --ro-bind /proc/irq /proc/irq --ro-bind /proc/sys /proc/sys --ro-bind /proc/sysrq-trigger /proc/sysrq-trigger sh
