bwrap --bind rootfs / --ro-bind rootfs/usr /usr  --ro-bind rootfs/etc /etc  --unshare-pid --unshare-net --unshare-ipc --unshare-uts --proc /proc --dev /dev --tmpfs /dev/shm --mqueue /dev/mqueue --dev-bind /dev/tty /dev/tty --chdir / --setenv PATH /usr/local/sbin:/usr/local/bin:/usr/sbin:/usr/bin:/sbin:/bin --setenv TERM xterm --ro-bind /proc/asound /proc/asound --ro-bind /proc/bus /proc/bus --ro-bind /proc/fs /proc/fs --ro-bind /proc/irq /proc/irq --ro-bind /proc/sys /proc/sys --ro-bind /proc/sysrq-trigger /proc/sysrq-trigger --bind /dev/null /proc/kcore --bind /dev/null /proc/latency_stats --bind /dev/null /proc/timer_stats --bind /dev/null /proc/sched_debug sh
